E:\pep project\hospital-backend\src\main\java\com\hospital\entity\Department.java
E:\pep project\hospital-backend\src\main\java\com\hospital\controller\PrescriptionController.java
E:\pep project\hospital-backend\src\main\java\com\hospital\entity\User.java
E:\pep project\hospital-backend\src\main\java\com\hospital\dto\AppointmentDTO.java
E:\pep project\hospital-backend\src\main\java\com\hospital\repository\DoctorRepository.java
E:\pep project\hospital-backend\src\main\java\com\hospital\entity\Prescription.java
E:\pep project\hospital-backend\src\main\java\com\hospital\service\AppointmentService.java
E:\pep project\hospital-backend\src\main\java\com\hospital\dto\ApiResponse.java
E:\pep project\hospital-backend\src\main\java\com\hospital\repository\PatientRepository.java
E:\pep project\hospital-backend\src\main\java\com\hospital\security\CustomUserDetailsService.java
E:\pep project\hospital-backend\src\main\java\com\hospital\repository\UserRepository.java
E:\pep project\hospital-backend\src\main\java\com\hospital\config\AppointmentStatusConstraintFix.java
E:\pep project\hospital-backend\src\main\java\com\hospital\exception\ResourceNotFoundException.java
E:\pep project\hospital-backend\src\main\java\com\hospital\entity\Doctor.java
E:\pep project\hospital-backend\src\main\java\com\hospital\repository\MedicalRecordRepository.java
E:\pep project\hospital-backend\src\main\java\com\hospital\repository\PrescriptionRepository.java
E:\pep project\hospital-backend\src\main\java\com\hospital\entity\Appointment.java
E:\pep project\hospital-backend\src\main\java\com\hospital\HospitalApplication.java
E:\pep project\hospital-backend\src\main\java\com\hospital\entity\Patient.java
E:\pep project\hospital-backend\src\main\java\com\hospital\controller\AdminController.java
E:\pep project\hospital-backend\src\main\java\com\hospital\repository\DepartmentRepository.java
E:\pep project\hospital-backend\src\main\java\com\hospital\entity\MedicalRecord.java
E:\pep project\hospital-backend\src\main\java\com\hospital\service\AuthService.java
E:\pep project\hospital-backend\src\main\java\com\hospital\service\PrescriptionService.java
E:\pep project\hospital-backend\src\main\java\com\hospital\repository\AppointmentRepository.java
E:\pep project\hospital-backend\src\main\java\com\hospital\dto\AuthResponse.java
E:\pep project\hospital-backend\src\main\java\com\hospital\service\DoctorService.java
E:\pep project\hospital-backend\src\main\java\com\hospital\exception\BadRequestException.java
E:\pep project\hospital-backend\src\main\java\com\hospital\controller\DoctorController.java
E:\pep project\hospital-backend\src\main\java\com\hospital\security\JwtUtil.java
E:\pep project\hospital-backend\src\main\java\com\hospital\dto\RegisterRequest.java
E:\pep project\hospital-backend\src\main\java\com\hospital\dto\LoginRequest.java
E:\pep project\hospital-backend\src\main\java\com\hospital\config\SecurityConfig.java
E:\pep project\hospital-backend\src\main\java\com\hospital\security\JwtAuthFilter.java
E:\pep project\hospital-backend\src\main\java\com\hospital\controller\AppointmentController.java
E:\pep project\hospital-backend\src\main\java\com\hospital\dto\DoctorDTO.java
E:\pep project\hospital-backend\src\main\java\com\hospital\exception\GlobalExceptionHandler.java
E:\pep project\hospital-backend\src\main\java\com\hospital\config\DataSeeder.java
E:\pep project\hospital-backend\src\main\java\com\hospital\controller\AuthController.java
